src/data/ctf-service-checklists.ts(584,14): error TS1127: Invalid character.
src/data/ctf-service-checklists.ts(584,15): error TS1136: Property assignment expected.
src/data/ctf-service-checklists.ts(636,1): error TS1160: Unterminated template literal.
